// Jest Snapshot v1, https://goo.gl/fbAQLP

exports[`<Commits /> snapshot 1`] = `
<div
  className="InnerContainer-sc-1toru5t-0 eVVvlf"
>
  <ul
    className="Commits__CommitItems-sc-13zuyrn-0 ibvhoh"
  >
    <li
      className="Commits__CommitItem-sc-13zuyrn-1 knrZNw"
    >
      <div
        className="Commits__CommitInfo-sc-13zuyrn-2 frkLaC"
      >
        <div>
          <div
            className="title"
          >
            $MESSAGE_1
          </div>
          <div
            className="meta"
          >
            <a
              onClick={[Function]}
              style={Object {}}
            >
              <img
                alt=""
                src=""
              />
            </a>
            $NAME_1
             commited on
             
            <time-ago
              datetime="$DATE_1"
            />
          </div>
        </div>
      </div>
      <div
        className="Commits__CommitNav-sc-13zuyrn-3 hNNWvi"
      >
        <div
          className="SegmentedButtonsContainer-sc-1alpooo-0 cmuWFA"
        >
          <button
            className="Button-sc-1ldg16x-0 dKuqMW"
          >
            <i
              className="fa fa-clipboard"
            />
          </button>
          <a
            className="Button-sc-1ldg16x-0 dKuqMW"
            onClick={[Function]}
            small="true"
            style={Object {}}
            transparent="true"
          >
            $SHA_1
          </a>
        </div>
        <a
          className="Button-sc-1ldg16x-0 dKuqMW"
          onClick={[Function]}
          small="true"
          style={
            Object {
              "marginLeft": "12px",
            }
          }
          transparent="true"
        >
          <i
            className="fa fa-code"
          />
        </a>
      </div>
    </li>
    <li
      className="Commits__CommitItem-sc-13zuyrn-1 knrZNw"
    >
      <div
        className="Commits__CommitInfo-sc-13zuyrn-2 frkLaC"
      >
        <div>
          <div
            className="title"
          >
            $MESSAGE_2
          </div>
          <div
            className="meta"
          >
            <a
              onClick={[Function]}
              style={Object {}}
            >
              <img
                alt=""
                src=""
              />
            </a>
            $NAME_2
             commited on
             
            <time-ago
              datetime="$DATE_2"
            />
          </div>
        </div>
      </div>
      <div
        className="Commits__CommitNav-sc-13zuyrn-3 hNNWvi"
      >
        <div
          className="SegmentedButtonsContainer-sc-1alpooo-0 cmuWFA"
        >
          <button
            className="Button-sc-1ldg16x-0 dKuqMW"
          >
            <i
              className="fa fa-clipboard"
            />
          </button>
          <a
            className="Button-sc-1ldg16x-0 dKuqMW"
            onClick={[Function]}
            small="true"
            style={Object {}}
            transparent="true"
          >
            $SHA_2
          </a>
        </div>
        <a
          className="Button-sc-1ldg16x-0 dKuqMW"
          onClick={[Function]}
          small="true"
          style={
            Object {
              "marginLeft": "12px",
            }
          }
          transparent="true"
        >
          <i
            className="fa fa-code"
          />
        </a>
      </div>
    </li>
  </ul>
</div>
`;
