// Jest Snapshot v1, https://goo.gl/fbAQLP

exports[`<Commit /> snapshot 1`] = `
<div
  className="InnerContainer-sc-1toru5t-0 eVVvlf"
>
  <div
    className="Panel-sc-1hnzj4y-0 ccxQvz"
  >
    <div
      className="Panel__Header-sc-1hnzj4y-1 gIbZlT"
    >
      <div
        style={
          Object {
            "display": "flex",
            "justifyContent": "space-between",
          }
        }
      >
        <h1
          style={
            Object {
              "color": "#213f4d",
              "fontSize": "18px",
              "fontWeight": "bold",
              "margin": "0",
            }
          }
        >
          $MESSAGE
        </h1>
        <a
          className="Button-sc-1ldg16x-0 dKuqMW"
          href="/$OWNER/$REPO/tree/$SHA"
          style={
            Object {
              "float": "right",
            }
          }
        >
          Browse files
        </a>
      </div>
      <div
        style={
          Object {
            "color": "#818c90",
            "fontSize": "12px",
            "margin": "0",
            "minHeight": "18px",
          }
        }
      >
        <i
          className="fa fa-code-fork"
        />
         master
      </div>
    </div>
    <div
      className="Panel__Body-sc-1hnzj4y-2 dwhEKI"
    >
      <div
        style={
          Object {
            "display": "flex",
            "justifyContent": "space-between",
          }
        }
      >
        <div>
          <img
            alt="$NAME"
            style={
              Object {
                "background": "#ccc",
                "height": 20,
                "verticalAlign": "middle",
                "width": 20,
              }
            }
          />
           
          $NAME
           commited on
           
          <time-ago
            datetime="$DATE"
          />
        </div>
        <div
          style={
            Object {
              "color": "#767676",
              "fontFamily": "Consolas, \\"Liberation Mono\\", Menlo, Courier, monospace",
              "fontSize": "12px",
              "lineHeight": "24px",
            }
          }
        >
          <span
            style={
              Object {
                "marginRight": "12px",
              }
            }
          >
            0
             parent
          </span>
          <span>
            commit 
            $SHA
          </span>
        </div>
      </div>
    </div>
  </div>
  <div>
    <div>
      <i
        className="fa fa-file-text-o"
      />
       Showing N changed file with N addition and N deletion.
    </div>
    <div>
      <div
        className="SegmentedButtonsContainer-sc-1alpooo-0 cmuWFA"
      >
        <button
          className="Button-sc-1ldg16x-0 gIWfju"
        >
          Unified
        </button>
        <button
          className="Button-sc-1ldg16x-0 gIWfju"
        >
          Split
        </button>
      </div>
    </div>
  </div>
  <div
    id="patches"
  >
    <div
      className="Panel-sc-1hnzj4y-0 ccxQvz"
    >
      <div
        className="Panel__Header-sc-1hnzj4y-1 chmgYi"
      >
        $FILENAME
      </div>
      <div
        className="Panel__Body-sc-1hnzj4y-2 dwhEKI"
        style={
          Object {
            "padding": 0,
          }
        }
      >
        <pre
          className="Code-nifwyh-0 fANLkT"
          style={
            Object {
              "margin": 0,
            }
          }
        >
          <ul
            className="Code__Lines-nifwyh-1 cHpdyK"
          >
            <li>
              ...
            </li>
            <li>
              1
            </li>
            <li>
              2
            </li>
            <li>
              3
            </li>
            <li>
              4
            </li>
            <li>
              5
            </li>
            <li>
              6
            </li>
            <li>
              7
            </li>
            <li>
              8
            </li>
            <li>
              9
            </li>
            <li>
              10
            </li>
            <li>
              11
            </li>
          </ul>
          <code
            className="hljs Code__Body-nifwyh-2 kloHoE"
            dangerouslySetInnerHTML={
              Object {
                "__html": "$PATCH",
              }
            }
          />
        </pre>
      </div>
    </div>
  </div>
</div>
`;
