// Jest Snapshot v1, https://goo.gl/fbAQLP

exports[`<Home /> snapshot 1`] = `
<div
  className="Home-sc-13uekel-0 gHsByH InnerContainer-sc-1toru5t-0 eVVvlf"
>
  <div
    className="metaContent"
  >
    <span>
      No description or website provided.
    </span>
    <span>
      - 
      <button>
        Edit
      </button>
    </span>
  </div>
  <nav>
    <ul
      className="NumbersSummary__container___27m_7"
    >
      <li>
        <a
          onClick={[Function]}
          style={Object {}}
        >
          <i
            className="fa fa-clock-o"
          />
          <span>
            0
          </span>
           commits
        </a>
      </li>
      <li>
        <a
          onClick={[Function]}
          style={Object {}}
        >
          <i
            className="fa fa-code-fork"
          />
          <span>
            0
          </span>
           branches
        </a>
      </li>
      <li>
        <a
          onClick={[Function]}
          style={Object {}}
        >
          <i
            className="fa fa-tag"
          />
          <span>
            0
          </span>
           releases
        </a>
      </li>
      <li>
        <a
          onClick={[Function]}
          style={Object {}}
        >
          <i
            className="fa fa-users"
          />
          <span>
            10
          </span>
           
          contributors
        </a>
      </li>
    </ul>
  </nav>
  <div
    className="fileNavigation"
  >
    <div
      className="treeSelector"
    >
      <div
        className="TreeSelector__container___34_zj"
      >
        <button
          className="Button-sc-1ldg16x-0 gIWfju"
          onClick={[Function]}
        >
          <i>
            Branch: 
          </i>
          <span>
            $TREE
             
          </span>
          <i
            className="fa fa-caret-down"
          />
        </button>
        <div
          className="modal"
          style={
            Object {
              "display": "none",
              "position": "absolute",
              "width": 300,
            }
          }
        >
          <div
            style={
              Object {
                "backgroundClip": "padding-box",
                "backgroundColor": "#fff",
                "border": "1px solid rgba(200, 200, 200, 0.4)",
                "borderRadius": "3px",
                "boxShadow": "0 3px 12px rgba(0,0,0,0.15)",
                "position": "absolute",
                "width": "100%",
                "zIndex": 100,
              }
            }
          >
            <div
              className="TreeSelector__branchMenuModalHeader___CE0tQ"
            >
              Switch branches/tags
              <button
                className="TreeSelector__closeBtn___1AWij"
                onClick={[Function]}
              >
                <i
                  className="fa fa-close"
                />
              </button>
            </div>
            <div
              style={
                Object {
                  "backgroundColor": "#f8f8f8",
                }
              }
            >
              <div
                className="TreeSelector__textFilter___2Zgsc"
              >
                <input
                  placeholder="Find a tag..."
                />
              </div>
              <div>
                <ul
                  style={
                    Object {
                      "borderBottom": "1px solid #ddd",
                      "listStyle": "none",
                      "margin": 0,
                      "padding": "8px 8px 0",
                    }
                  }
                >
                  <li
                    style={
                      Object {
                        "backgroundColor": "#fff",
                        "borderLeft": "1px solid #ddd",
                        "borderRight": "1px solid #ddd",
                        "borderTop": "1px solid #ddd",
                        "borderTopLeftRadius": 3,
                        "borderTopRightRadius": 3,
                        "float": "left",
                        "marginBottom": "-1px",
                      }
                    }
                  >
                    <a
                      href="#"
                      onClick={[Function]}
                      style={
                        Object {
                          "color": "#333",
                          "display": "block",
                          "fontSize": "11px",
                          "fontWeight": "bold",
                          "padding": "4px 8px 2px",
                          "textDecoration": "none",
                        }
                      }
                    >
                      Branches
                    </a>
                  </li>
                  <li
                    style={
                      Object {
                        "float": "left",
                        "marginBottom": "-1px",
                      }
                    }
                  >
                    <a
                      href="#"
                      onClick={[Function]}
                      style={
                        Object {
                          "color": "#888",
                          "display": "block",
                          "fontSize": "11px",
                          "fontWeight": "bold",
                          "padding": "4px 8px 2px",
                          "textDecoration": "none",
                        }
                      }
                    >
                      Tags
                    </a>
                  </li>
                  <div
                    style={
                      Object {
                        "clear": "both",
                        "display": "table",
                      }
                    }
                  />
                </ul>
                <div
                  style={
                    Object {
                      "display": "block",
                    }
                  }
                >
                  <ul
                    className="TreeSelector__branches___3ArlH"
                  />
                </div>
                <div
                  style={
                    Object {
                      "display": "none",
                    }
                  }
                >
                  <ul
                    className="TreeSelector__branches___3ArlH"
                  />
                </div>
              </div>
            </div>
          </div>
          <div
            onClick={[Function]}
            style={
              Object {
                "bottom": 0,
                "left": 0,
                "position": "fixed",
                "right": 0,
                "top": 0,
                "zIndex": 1,
              }
            }
          />
        </div>
      </div>
    </div>
    <a
      className="Button-sc-1ldg16x-0 gIWfju"
      href="$OWNER/$REPO/pull/new/$TREE"
    >
      New pull request
    </a>
    <div
      className="floatRight"
      style={
        Object {
          "marginRight": 0,
        }
      }
    >
      <span
        className="Dropdown__StyledDropdown-elo20p-0 dsxKwQ"
        width={300}
      >
        <button
          className="Button-sc-1ldg16x-0 hZgZyG"
          onClick={[Function]}
        >
          Clone or download
        </button>
      </span>
    </div>
    <div
      className="floatRight"
    >
      <div
        className="SegmentedButtonsContainer-sc-1alpooo-0 cmuWFA"
      >
        <input
          className="Button-sc-1ldg16x-0 gIWfju"
          type="submit"
          value="Create new file"
        />
        <a
          className="Button-sc-1ldg16x-0 gIWfju"
          href="$OWNER/$REPO/upload/$TREE"
        >
          Upload files
        </a>
        <a
          className="Button-sc-1ldg16x-0 gIWfju"
          href="$OWNER/$REPO/find/$TREE"
        >
          Find file
        </a>
      </div>
    </div>
  </div>
  <div
    className="Panel-sc-1hnzj4y-0 ccxQvz"
  >
    <div
      className="Panel__Header-sc-1hnzj4y-1 gIbZlT"
    >
      <div
        style={
          Object {
            "display": "flex",
            "justifyContent": "space-between",
          }
        }
      >
        <div>
          <img
            alt="$NAME_1"
            style={
              Object {
                "background": "#ccc",
                "height": 20,
                "verticalAlign": "middle",
                "width": 20,
              }
            }
          />
           
          <a
            href="/$NAME_1"
          >
            $NAME_1
          </a>
           
          <a
            onClick={[Function]}
            style={Object {}}
          >
            $MESSAGE_1
          </a>
        </div>
        <div>
          Latest commit 
          <a
            className="Entries__sha___1yvOg"
            onClick={[Function]}
            style={Object {}}
          >
            $SHA_1
          </a>
           
          <time-ago
            datetime="$DATE_1"
          />
        </div>
      </div>
    </div>
    <div
      className="Panel__Body-sc-1hnzj4y-2 dwhEKI"
    >
      <table>
        <tbody>
          <tr>
            <td
              className="Entries__icon___2BOm7"
            >
              <i
                className="fa fa-file-text-o"
              />
            </td>
            <td>
              <a
                onClick={[Function]}
                style={Object {}}
              >
                $PATH_1
              </a>
            </td>
            <td
              className="Entries__commitMessage___1e7lV"
            >
              <a
                onClick={[Function]}
                style={Object {}}
              >
                $MESSAGE_1
              </a>
            </td>
            <td
              className="Entries__updateAt___3r1ot"
            >
              <time-ago
                datetime="$DATE_1"
              />
            </td>
          </tr>
          <tr>
            <td
              className="Entries__icon___2BOm7"
            >
              <i
                className="fa fa-file-text-o"
              />
            </td>
            <td>
              <a
                onClick={[Function]}
                style={Object {}}
              >
                $PATH_2
              </a>
            </td>
            <td
              className="Entries__commitMessage___1e7lV"
            >
              <a
                onClick={[Function]}
                style={Object {}}
              >
                $MESSAGE_1
              </a>
            </td>
            <td
              className="Entries__updateAt___3r1ot"
            >
              <time-ago
                datetime="$DATE_1"
              />
            </td>
          </tr>
        </tbody>
      </table>
    </div>
  </div>
</div>
`;
