// Jest Snapshot v1, https://goo.gl/fbAQLP

exports[`<App />のスナップショット 1`] = `
<div
  className="InnerContainer-sc-1toru5t-0 eVVvlf"
>
  <div
    style={
      Object {
        "display": "flex",
        "marginTop": "24px",
      }
    }
  >
    <div
      style={
        Object {
          "flexGrow": 1,
        }
      }
    >
      <ul
        className="List-onbt43-0 bcIKJI"
      >
        <li>
          ACTIVITY_1
        </li>
        <li>
          ACTIVITY_2
        </li>
        <li>
          ACTIVITY_3
        </li>
      </ul>
    </div>
    <div
      style={
        Object {
          "marginLeft": "24px",
          "width": "320px",
        }
      }
    >
      <div
        className="Panel-sc-1hnzj4y-0 ccxQvz"
      >
        <div
          className="Panel__Header-sc-1hnzj4y-1 chmgYi"
        >
          Public Repositories
        </div>
        <div
          className="Panel__Body-sc-1hnzj4y-2 dwhEKI"
        >
          <ul
            className="List-onbt43-0 bcIKJI"
          >
            <li>
              <i
                className="fa fa-folder-open-o"
              />
               
              <a
                href="/FULL_NAME1"
              >
                FULL_NAME1
              </a>
            </li>
            <li>
              <i
                className="fa fa-folder-open-o"
              />
               
              <a
                href="/FULL_NAME2"
              >
                FULL_NAME2
              </a>
            </li>
            <li>
              <i
                className="fa fa-folder-open-o"
              />
               
              <a
                href="/FULL_NAME3"
              >
                FULL_NAME3
              </a>
            </li>
          </ul>
        </div>
      </div>
    </div>
  </div>
</div>
`;

exports[`<Home /> snapshot 1`] = `
<div
  className="InnerContainer-sc-1toru5t-0 eVVvlf"
>
  <div
    style={
      Object {
        "display": "flex",
        "marginTop": "24px",
      }
    }
  >
    <div
      style={
        Object {
          "flexGrow": 1,
        }
      }
    >
      <ul
        className="List-onbt43-0 bcIKJI"
      >
        <li>
          ACTIVITY_1
        </li>
        <li>
          ACTIVITY_2
        </li>
        <li>
          ACTIVITY_3
        </li>
      </ul>
    </div>
    <div
      style={
        Object {
          "marginLeft": "24px",
          "width": "320px",
        }
      }
    >
      <div
        className="Panel-sc-1hnzj4y-0 ccxQvz"
      >
        <div
          className="Panel__Header-sc-1hnzj4y-1 chmgYi"
        >
          Public Repositories
        </div>
        <div
          className="Panel__Body-sc-1hnzj4y-2 dwhEKI"
        >
          <ul
            className="List-onbt43-0 bcIKJI"
          >
            <li>
              <i
                className="fa fa-folder-open-o"
              />
               
              <a
                href="/FULL_NAME1"
              >
                FULL_NAME1
              </a>
            </li>
            <li>
              <i
                className="fa fa-folder-open-o"
              />
               
              <a
                href="/FULL_NAME2"
              >
                FULL_NAME2
              </a>
            </li>
            <li>
              <i
                className="fa fa-folder-open-o"
              />
               
              <a
                href="/FULL_NAME3"
              >
                FULL_NAME3
              </a>
            </li>
          </ul>
        </div>
      </div>
    </div>
  </div>
</div>
`;
